# serializer version: 1
# name: test_diagnostics_match_the_snapshot
  dict({
    'devices': list([
      dict({
        'device': dict({
          'device_id': 12345,
          'display_name': None,
          'inverter_sn': '**REDACTED**',
          'name': '**REDACTED**',
          'power_station_name': '**REDACTED**',
          'product_type_name': 'Hyper-6000',
          'template': 44,
        }),
        'held_keys': list([
        ]),
        'is_stale': True,
        'last_update_success': True,
        'payload_updated_at': '2026-08-27T20:48:30.470000+00:00',
        'telemetry': dict({
          'acAppearentPower': None,
          'acAppearentPowerUnit': 'kVA',
          'acChargingCurrent': None,
          'acChargingCurrentSupport': None,
          'acChargingCurrentUnit': 'A',
          'acCurrent': '0',
          'acCurrentUnit': 'A',
          'acFrequency': '0',
          'acFrequencyUnit': 'Hz',
          'acPower': '0.24',
          'acPowerUnit': 'kW',
          'acVoltage': '0',
          'acVoltageUnit': 'V',
          'activeFactor': '0',
          'activeOverload': '0',
          'activePower': '0',
          'activePowerStatus': None,
          'activePowerUnit': 'kW',
          'additionalStatus': '0',
          'afciFailure': None,
          'afciFaultMaskEnable': None,
          'alarmList': None,
          'armVersion': 'V1.1.2',
          'armVersionBuild': None,
          'armVersionCtrl': None,
          'attriSupport': None,
          'bMSCapacity': '100',
          'bMSCapacityUnit': 'Ah',
          'bMSVersion': 'V5.0.58',
          'bMSVersionBuild': None,
          'bMSVersionCtrl': None,
          'basicStateSupport': None,
          'batBrand': None,
          'batState': None,
          'batTemp': None,
          'batTempUnit': '℃',
          'battery1Sn': '**REDACTED**',
          'battery2Sn': '',
          'battery3Sn': '',
          'battery4Sn': '',
          'battery5Sn': '',
          'batteryActivePower': '0',
          'batteryActivePowerSupport': None,
          'batteryActivePowerUnit': 'kW',
          'batteryAndOffGridStatus': None,
          'batteryAndOffGridStatusSupport': None,
          'batteryCDMonth': '21.8',
          'batteryCDMonthUnit': 'kWh',
          'batteryCDToday': '0.6',
          'batteryCDTodayUnit': 'kWh',
          'batteryCDTotal': '408.4',
          'batteryCDTotalUnit': 'kWh',
          'batteryCDVoltage': '57.6',
          'batteryCDVoltageUnit': 'V',
          'batteryCapacity': None,
          'batteryCapacityKwh': '5.12',
          'batteryCapacityKwhUnit': 'kWh',
          'batteryCapacitySupport': None,
          'batteryCapacityUnit': 'Ah',
          'batteryCurrent': '0',
          'batteryCurrentSupport': None,
          'batteryCurrentUnit': 'A',
          'batteryFDMonth': '4.1',
          'batteryFDMonthUnit': 'kWh',
          'batteryFDToday': '0.2',
          'batteryFDTodayUnit': 'kWh',
          'batteryFDTotal': '370',
          'batteryFDTotalUnit': 'kWh',
          'batteryFDVoltage': '48',
          'batteryFDVoltageUnit': 'V',
          'batteryHardwareVersion': None,
          'batteryHardwareVersionSupport': None,
          'batteryHwVersion': None,
          'batteryMaxCDCurrent': '50',
          'batteryMaxCDCurrentUnit': 'A',
          'batteryMaxFDCurrent': '100',
          'batteryMaxFDCurrentUnit': 'A',
          'batteryMaxTemperature': '24.9',
          'batteryMaxTemperatureUnit': '℃',
          'batteryMinTemperature': '24.4',
          'batteryMinTemperatureUnit': '℃',
          'batteryNum': '1',
          'batteryNumInModule': None,
          'batteryOnlineStatus': None,
          'batteryOnlineStatusSupport': None,
          'batteryOperatingStatus': None,
          'batteryOperatingStatusSupport': None,
          'batteryPower': None,
          'batteryPowerUnit': 'kW',
          'batteryRestSoc': '95',
          'batteryRestSocUnit': '%',
          'batterySOC': None,
          'batterySOCSupport': None,
          'batterySOCUnit': '%',
          'batterySoh': None,
          'batterySohSupport': None,
          'batteryStatus': '0',
          'batterySwVersion': None,
          'batteryTemperature': None,
          'batteryTemperatureSupport': None,
          'batteryTemperatureUnit': '℃',
          'batteryType': '2',
          'batteryTypeSupport': None,
          'batteryVoltage': '53.5',
          'batteryVoltageSupport': None,
          'batteryVoltageUnit': 'V',
          'bmuVersion': None,
          'bmuVersionBuild': None,
          'bmuVersionCtrl': None,
          'bridgePeakCurrent': None,
          'bridgePeakCurrentUnit': 'A',
          'busVoltage': '400.1',
          'busVoltageUnit': 'V',
          'cabinetSn': None,
          'capacityLevel': 6,
          'capacityLevelDouble': 6.0,
          'chargeCurrent': None,
          'chargeCurrentUnit': 'A',
          'chgCurrMax': None,
          'chgCurrMaxUnit': 'A',
          'chgVMax': None,
          'chgVMaxUnit': 'V',
          'collectorDetailVersion': None,
          'collectorSn': None,
          'collectorVersion': None,
          'conType': '1',
          'countryName': '**REDACTED**',
          'dcSupport': None,
          'deviceSn': None,
          'deviceType': None,
          'deviceTypeSign': None,
          'deviceTypeSunspec': None,
          'dieselFrequency': None,
          'dieselFrequencyUnit': 'Hz',
          'dieselL1Support': None,
          'dieselL2L3Support': None,
          'dieselPower': None,
          'dieselPowerUnit': 'kW',
          'dieselRCurrent': None,
          'dieselRCurrentUnit': 'A',
          'dieselRVoltage': None,
          'dieselRVoltageUnit': 'V',
          'dieselSCurrent': None,
          'dieselSCurrentUnit': 'A',
          'dieselSVoltage': None,
          'dieselSVoltageUnit': 'V',
          'dieselTCurrent': None,
          'dieselTCurrentUnit': 'A',
          'dieselTVoltage': None,
          'dieselTVoltageUnit': 'V',
          'disChgCurrMax': None,
          'disChgCurrMaxUnit': 'A',
          'disChgVMin': None,
          'disChgVMinUnit': 'V',
          'dischargeCurrent': None,
          'dischargeCurrentUnit': 'A',
          'dwActivePower': '0.24',
          'dwActivePowerUnit': 'kW',
          'dwApparentPower': '0',
          'dwApparentPowerUnit': 'kVA',
          'dwFrequency': '49.97',
          'dwFrequencyUnit': 'Hz',
          'eOutMonth': '0.2',
          'eOutMonthUnit': 'kWh',
          'eOutToday': '0',
          'eOutTodayUnit': 'kWh',
          'eOutTotal': '0.8',
          'eOutTotalUnit': 'kWh',
          'eOutYear': '0.8',
          'eOutYearUnit': 'kWh',
          'ePSFrequency': '49.97',
          'ePSFrequencyUnit': 'Hz',
          'ePv1Day': None,
          'ePv1DayUnit': 'kWh',
          'ePv2Day': None,
          'ePv2DayUnit': 'kWh',
          'eTime': None,
          'eTimeUnit': 'H',
          'earthImpedence': None,
          'earthImpedenceUnit': 'kΩ',
          'environmentTemperature': None,
          'environmentTemperatureUnit': '℃',
          'epsActivePower': '0.17',
          'epsActivePowerUnit': 'kW',
          'epsApparentPower': '0.49',
          'epsApparentPowerUnit': 'kVA',
          'epsConsumptionTotal': '1.6',
          'epsConsumptionTotalUnit': 'MWh',
          'epsCurrent': '0.7',
          'epsCurrentUnit': 'A',
          'epsEnergy': '1.6',
          'epsEnergyUnit': 'MWh',
          'epsFrequency60': None,
          'epsFrequency60Support': None,
          'epsFrequency60Unit': 'Hz',
          'epsL1Current': '0',
          'epsL1CurrentUnit': 'A',
          'epsL1L2frequency': '0',
          'epsL1L2frequencyUnit': 'Hz',
          'epsL1Power': '0',
          'epsL1PowerUnit': 'kW',
          'epsL1Voltage': '0',
          'epsL1VoltageUnit': 'V',
          'epsL2Current': '0',
          'epsL2CurrentUnit': 'A',
          'epsL2Power': '0',
          'epsL2PowerUnit': 'kW',
          'epsL2Voltage': '0',
          'epsL2VoltageUnit': 'V',
          'epsPower': '0.17',
          'epsPowerUnit': 'kW',
          'epsTotalPower': None,
          'epsTotalPowerSupport': None,
          'epsTotalPowerUnit': 'kW',
          'epsVoltage': '232.4',
          'epsVoltageUnit': 'V',
          'epsrCurrent': None,
          'epsrCurrentSupport': None,
          'epsrCurrentUnit': 'A',
          'epsrPower': None,
          'epsrPowerSupport': None,
          'epsrPowerUnit': 'kW',
          'epsrVoltage': None,
          'epsrVoltageSupport': None,
          'epsrVoltageUnit': 'V',
          'epssCurrent': None,
          'epssCurrentSupport': None,
          'epssCurrentUnit': 'A',
          'epssPower': None,
          'epssPowerSupport': None,
          'epssPowerUnit': 'kW',
          'epssVoltage': None,
          'epssVoltageSupport': None,
          'epssVoltageUnit': 'V',
          'epstCurrent': None,
          'epstCurrentSupport': None,
          'epstCurrentUnit': 'A',
          'epstPower': None,
          'epstPowerSupport': None,
          'epstPowerUnit': 'kW',
          'epstVoltage': None,
          'epstVoltageSupport': None,
          'epstVoltageUnit': 'V',
          'etotalInvOutputEnergyToday': None,
          'etotalInvOutputEnergyTodayUnit': 'kWh',
          'etotalInvOutputEnergyTotal': None,
          'etotalInvOutputEnergyTotalUnit': 'kWh',
          'etotalTogridAcc': None,
          'etotalTogridAccUnit': 'kWh',
          'evChargeStatus': None,
          'evChargeStatusSupport': None,
          'evGreenEnergyDaily': None,
          'evGreenEnergyDailyUnit': 'kWh',
          'evGreenEnergySupport': None,
          'evGreenEnergyTotal': None,
          'evGreenEnergyTotalUnit': 'kWh',
          'evPower': None,
          'evPowerSupport': None,
          'evPowerUnit': 'kW',
          'exportpwrReal': None,
          'exportpwrRealUnit': 'kW',
          'fanASpeed': None,
          'fanASpeedUnit': 'r/min',
          'fanBSpeed': None,
          'fanBSpeedUnit': 'r/min',
          'fanCSpeed': None,
          'fanCSpeedUnit': 'r/min',
          'firmwareNum': None,
          'functionMenu': '--',
          'genDayEnergy': None,
          'genDayEnergyUnit': 'kWh',
          'genPower': None,
          'genPowerEnergySupport': None,
          'genPowerUnit': 'kW',
          'genTotalEnergy': None,
          'genTotalEnergyUnit': 'kWh',
          'girdCurrent': '1.06',
          'girdCurrentUnit': 'A',
          'girdExportedMonth': '0',
          'girdExportedMonthUnit': 'kWh',
          'girdExportedToday': '0',
          'girdExportedTodayUnit': 'kWh',
          'girdExportedTotal': '0',
          'girdExportedTotalUnit': 'kWh',
          'girdFrequency': '49.97',
          'girdFrequencyUnit': 'Hz',
          'girdImportedMonth': '226.7',
          'girdImportedMonthUnit': 'kWh',
          'girdImportedToday': '5.3',
          'girdImportedTodayUnit': 'kWh',
          'girdImportedTotal': '2.08',
          'girdImportedTotalUnit': 'MWh',
          'girdPower': '0.24',
          'girdPowerUnit': 'kW',
          'girdVoltage': '226',
          'girdVoltageUnit': 'V',
          'gridRVoltageSupport': None,
          'gridSTVoltageSupport': None,
          'gridStandards': None,
          'gridTimes': None,
          'hardVersion': None,
          'hardwareVersion': 'S406C04P04B03E03',
          'hemsComType': None,
          'hemsProTypeName': None,
          'hemsSn': None,
          'hemsVersion': None,
          'id': 12345,
          'iepsr': None,
          'iepsrUnit': 'A',
          'iepss': None,
          'iepssUnit': 'A',
          'iepst': None,
          'iepstUnit': 'A',
          'igenr': None,
          'igenrUnit': 'A',
          'igens': None,
          'igensUnit': 'A',
          'igent': None,
          'igentUnit': 'A',
          'igfciRms': None,
          'igfciRmsUnit': 'A',
          'initStatus': None,
          'inputFrequency': None,
          'inputFrequencyUnit': 'Hz',
          'inputVoltage': None,
          'inputVoltageUnit': 'V',
          'integratedCabinetStatus': None,
          'intensity': 49,
          'inverterSn': '**REDACTED**',
          'inverterState': None,
          'irSmCurrent': None,
          'irSmCurrentUnit': 'A',
          'irSmSupport': None,
          'is100Ah': 0,
          'isForceCharge': None,
          'isSmCurrent': None,
          'isSmCurrentUnit': 'A',
          'istSmSupport': None,
          'itSmCurrent': None,
          'itSmCurrentUnit': 'A',
          'ivuVersion': None,
          'ivuVersionBuild': None,
          'ivuVersionCtrl': None,
          'lCDVersion': None,
          'lCDVersionCtrl': None,
          'loadActivePower': '0.24',
          'loadActivePowerUnit': 'kW',
          'loadConsumptionMonth': '169.6',
          'loadConsumptionMonthUnit': 'kWh',
          'loadConsumptionToday': '3.4',
          'loadConsumptionTodayUnit': 'kWh',
          'loadConsumptionTotal': '1.46',
          'loadConsumptionTotalUnit': 'MWh',
          'loadCurrent': '1',
          'loadCurrentUnit': 'A',
          'loadEUsedMonth': '209.2',
          'loadEUsedMonthUnit': 'kWh',
          'loadEUsedToday': '4.9',
          'loadEUsedTodayUnit': 'kWh',
          'loadEUsedTotal': '2.04',
          'loadEUsedTotalUnit': 'MWh',
          'loadPercent': None,
          'loadPercentUnit': '%',
          'loadVoltage': '230.1',
          'loadVoltageUnit': 'V',
          'manufacturer': None,
          'masterDSPVersion': 'V4.0.5',
          'masterDSPVersionBuild': None,
          'masterDSPVersionCtrl': None,
          'maxChargeCurrent': None,
          'maxChargeCurrentUnit': 'A',
          'maxProtectLevel': None,
          'mcu1Version': None,
          'mcu2Version': None,
          'mcu3Version': None,
          'mcu4Version': None,
          'mcu5Version': None,
          'mcu6Version': None,
          'mcu7Version': None,
          'mcu7VersionBuild': None,
          'meterSn': None,
          'meterStatus': None,
          'meterType': None,
          'modbusAddress': None,
          'monthGridCapacity': '0',
          'monthGridCapacityUnit': 'kWh',
          'monthPurchase': '226.7',
          'monthPurchaseUnit': 'kWh',
          'name': '**REDACTED**',
          'nbusVoltage': None,
          'nbusVoltageUnit': 'V',
          'ngVolt': None,
          'ngVoltSupport': None,
          'ngVoltUnit': 'V',
          'numTempCellMax': None,
          'numTempCellMin': None,
          'numVCellMax': None,
          'numVCellMin': None,
          'otherSupport': None,
          'outputType': None,
          'p10Current': None,
          'p10CurrentUnit': 'A',
          'p10Power': None,
          'p10PowerUnit': 'kW',
          'p10Voltage': None,
          'p10VoltageUnit': 'V',
          'p11Current': None,
          'p11CurrentUnit': 'A',
          'p11Power': None,
          'p11PowerUnit': 'kW',
          'p11Voltage': None,
          'p11VoltageUnit': 'V',
          'p12Current': None,
          'p12CurrentUnit': 'A',
          'p12Power': None,
          'p12PowerUnit': 'kW',
          'p12Voltage': None,
          'p12VoltageUnit': 'V',
          'p1Current': '0',
          'p1CurrentUnit': 'A',
          'p1Power': '0',
          'p1PowerUnit': 'kW',
          'p1Voltage': '0',
          'p1VoltageUnit': 'V',
          'p2Current': '0',
          'p2CurrentUnit': 'A',
          'p2Power': '0',
          'p2PowerUnit': 'kW',
          'p2Voltage': '0',
          'p2VoltageUnit': 'V',
          'p3Current': '0',
          'p3CurrentUnit': 'A',
          'p3Power': '0',
          'p3PowerUnit': 'kW',
          'p3Voltage': '0',
          'p3VoltageUnit': 'V',
          'p4Current': '0',
          'p4CurrentUnit': 'A',
          'p4Power': '0',
          'p4PowerUnit': 'kW',
          'p4Voltage': '0',
          'p4VoltageUnit': 'V',
          'p5Current': None,
          'p5CurrentUnit': 'A',
          'p5Power': None,
          'p5PowerUnit': 'kW',
          'p5Voltage': None,
          'p5VoltageUnit': 'V',
          'p6Current': None,
          'p6CurrentUnit': 'A',
          'p6Power': None,
          'p6PowerUnit': 'kW',
          'p6Voltage': None,
          'p6VoltageUnit': 'V',
          'p7Current': None,
          'p7CurrentUnit': 'A',
          'p7Power': None,
          'p7PowerUnit': 'kW',
          'p7Voltage': None,
          'p7VoltageUnit': 'V',
          'p8Current': None,
          'p8CurrentUnit': 'A',
          'p8Power': None,
          'p8PowerUnit': 'kW',
          'p8Voltage': None,
          'p8VoltageUnit': 'V',
          'p9Current': None,
          'p9CurrentUnit': 'A',
          'p9Power': None,
          'p9PowerUnit': 'kW',
          'p9Voltage': None,
          'p9VoltageUnit': 'V',
          'pGridR': None,
          'pGridRUnit': 'kW',
          'pGridS': None,
          'pGridSUnit': 'kW',
          'pGridT': None,
          'pGridTUnit': 'kW',
          'pbusVoltage': None,
          'pbusVoltageUnit': 'V',
          'pcsStatus': 2,
          'peakPowerAfterStart': None,
          'peakPowerAfterStartUnit': 'kW',
          'peakPowerOfDay': None,
          'peakPowerOfDayUnit': 'kW',
          'pgen': None,
          'pgenUnit': 'kW',
          'pgenr': None,
          'pgenrUnit': 'kW',
          'pgens': None,
          'pgensUnit': 'kW',
          'pgent': None,
          'pgentUnit': 'kW',
          'pidStatus': None,
          'pidStatusSupport': None,
          'powerLevel': None,
          'powerLimitMode': None,
          'prLoadPower': None,
          'prLoadPowerUnit': 'kW',
          'prSmPower': None,
          'prSmPowerUnit': 'kW',
          'prSmSupport': None,
          'productTypeName': 'Hyper-6000',
          'protocolVersion': 'V0.5.4',
          'protocolVersionSunspec': None,
          'psLoadPower': None,
          'psLoadPowerUnit': 'kW',
          'psSmPower': None,
          'psSmPowerUnit': 'kW',
          'psd1000DetailVersion': None,
          'psd1000Flag': False,
          'psd1000SingleVersion': None,
          'pstSmSupport': None,
          'ptLoadPower': None,
          'ptLoadPowerUnit': 'kW',
          'ptSmPower': None,
          'ptSmPowerUnit': 'kW',
          'pvFieldMonth': '0.2',
          'pvFieldMonthUnit': 'kWh',
          'pvFieldToday': '0',
          'pvFieldTodayUnit': 'kWh',
          'pvFieldTotal': '0.8',
          'pvFieldTotalUnit': 'kWh',
          'pvNum': None,
          'pvPower': '0',
          'pvPowerUnit': 'kW',
          'pvUseAc': None,
          'qGrid': None,
          'qGridUnit': 'Var',
          'qgen': None,
          'qgenUnit': 'Var',
          'rApparentPower': None,
          'rApparentPowerUnit': 'kVA',
          'rCurrent': '0',
          'rCurrentUnit': 'A',
          'rFrequency': '49.98',
          'rFrequencyUnit': 'Hz',
          'rPower': '0',
          'rPowerUnit': 'kW',
          'rSupport': None,
          'rVoltage': '230.1',
          'rVoltageUnit': 'V',
          'ratedActivePower': None,
          'ratedActivePowerUnit': 'kW',
          'ratedApparentPower': None,
          'ratedApparentPowerUnit': 'kVA',
          'ratedGridFre': None,
          'ratedGridFreUnit': 'Hz',
          'ratedGridVol': None,
          'ratedGridVolUnit': 'V',
          'ratedReactivePower': None,
          'ratedReactivePowerUnit': 'kVar',
          'reactMode': None,
          'reactivePower': '0.19',
          'reactivePowerUnit': 'kVar',
          'reconnectTime': '0',
          'reconnectTimeUnit': 's',
          'registrationTime': 1763474318000,
          'registrationTimezone': '**REDACTED**',
          'riso': None,
          'risoUnit': 'Ω',
          'runningTimeTotal': '0',
          'runningTimeTotalUnit': 'H',
          'sApparentPower': None,
          'sApparentPowerUnit': 'kVA',
          'sCurrent': '0',
          'sCurrentUnit': 'A',
          'sFrequency': '0',
          'sFrequencyUnit': 'Hz',
          'sPower': '0',
          'sPowerUnit': 'kW',
          'sSupport': None,
          'sVoltage': '0',
          'sVoltageUnit': 'V',
          'sampleIso': None,
          'sampleIsoUnit': 'kΩ',
          'series10Current': None,
          'series10CurrentUnit': 'A',
          'series11Current': None,
          'series11CurrentUnit': 'A',
          'series12Current': None,
          'series12CurrentUnit': 'A',
          'series13Current': None,
          'series13CurrentUnit': 'A',
          'series14Current': None,
          'series14CurrentUnit': 'A',
          'series15Current': None,
          'series15CurrentUnit': 'A',
          'series16Current': None,
          'series16CurrentUnit': 'A',
          'series17Current': None,
          'series17CurrentUnit': 'A',
          'series18Current': None,
          'series18CurrentUnit': 'A',
          'series19Current': None,
          'series19CurrentUnit': 'A',
          'series1Current': None,
          'series1CurrentUnit': 'A',
          'series20Current': None,
          'series20CurrentUnit': 'A',
          'series21Current': None,
          'series21CurrentUnit': 'A',
          'series22Current': None,
          'series22CurrentUnit': 'A',
          'series23Current': None,
          'series23CurrentUnit': 'A',
          'series24Current': None,
          'series24CurrentUnit': 'A',
          'series2Current': None,
          'series2CurrentUnit': 'A',
          'series3Current': None,
          'series3CurrentUnit': 'A',
          'series4Current': None,
          'series4CurrentUnit': 'A',
          'series5Current': None,
          'series5CurrentUnit': 'A',
          'series6Current': None,
          'series6CurrentUnit': 'A',
          'series7Current': None,
          'series7CurrentUnit': 'A',
          'series8Current': None,
          'series8CurrentUnit': 'A',
          'series9Current': None,
          'series9CurrentUnit': 'A',
          'slaverDSPVersion': 'V4.0.0',
          'slaverDSPVersionBuild': None,
          'slaverDSPVersionCtrl': None,
          'smActivePower': '0.24',
          'smActivePowerStatus': '1',
          'smActivePowerUnit': 'kW',
          'smlFrequency': None,
          'smlFrequencyUnit': 'Hz',
          'smlL1Support': None,
          'smlL2L3Support': None,
          'smlPower': None,
          'smlPowerUnit': 'kW',
          'smlRCurrent': None,
          'smlRCurrentUnit': 'A',
          'smlRVoltage': None,
          'smlRVoltageUnit': 'V',
          'smlSCurrent': None,
          'smlSCurrentUnit': 'A',
          'smlSVoltage': None,
          'smlSVoltageUnit': 'V',
          'smlTCurrent': None,
          'smlTCurrentUnit': 'A',
          'smlTVoltage': None,
          'smlTVoltageUnit': 'V',
          'softVersion': None,
          'solardEnergyMonth': '0',
          'solardEnergyMonthUnit': 'kWh',
          'solardEnergyToday': '0',
          'solardEnergyTodayUnit': 'kWh',
          'solardEnergyTotal': '0',
          'solardEnergyTotalUnit': 'kWh',
          'srSmReactiveAppower': None,
          'srSmReactiveAppowerUnit': 'kVA',
          'ssSmReactiveAppower': None,
          'ssSmReactiveAppowerUnit': 'kVA',
          'stSmReactiveAppower': None,
          'stSmReactiveAppowerUnit': 'kVA',
          'stationId': '**REDACTED**',
          'stationName': '**REDACTED**',
          'status': 0,
          'stringCur1': None,
          'stringCur10': None,
          'stringCur10Unit': 'A',
          'stringCur11': None,
          'stringCur11Unit': 'A',
          'stringCur12': None,
          'stringCur12Unit': 'A',
          'stringCur13': None,
          'stringCur13Unit': 'A',
          'stringCur14': None,
          'stringCur14Unit': 'A',
          'stringCur15': None,
          'stringCur15Unit': 'A',
          'stringCur16': None,
          'stringCur16Unit': 'A',
          'stringCur17': None,
          'stringCur17Unit': 'A',
          'stringCur18': None,
          'stringCur18Unit': 'A',
          'stringCur19': None,
          'stringCur19Unit': 'A',
          'stringCur1Unit': 'A',
          'stringCur2': None,
          'stringCur20': None,
          'stringCur20Unit': 'A',
          'stringCur21': None,
          'stringCur21Unit': 'A',
          'stringCur22': None,
          'stringCur22Unit': 'A',
          'stringCur23': None,
          'stringCur23Unit': 'A',
          'stringCur24': None,
          'stringCur24Unit': 'A',
          'stringCur2Unit': 'A',
          'stringCur3': None,
          'stringCur3Unit': 'A',
          'stringCur4': None,
          'stringCur4Unit': 'A',
          'stringCur5': None,
          'stringCur5Unit': 'A',
          'stringCur6': None,
          'stringCur6Unit': 'A',
          'stringCur7': None,
          'stringCur7Unit': 'A',
          'stringCur8': None,
          'stringCur8Unit': 'A',
          'stringCur9': None,
          'stringCur9Unit': 'A',
          'stringNum': None,
          'stringPower1': None,
          'stringPower10': None,
          'stringPower10Unit': 'kW',
          'stringPower11': None,
          'stringPower11Unit': 'kW',
          'stringPower12': None,
          'stringPower12Unit': 'kW',
          'stringPower13': None,
          'stringPower13Unit': 'kW',
          'stringPower14': None,
          'stringPower14Unit': 'kW',
          'stringPower15': None,
          'stringPower15Unit': 'kW',
          'stringPower16': None,
          'stringPower16Unit': 'kW',
          'stringPower17': None,
          'stringPower17Unit': 'kW',
          'stringPower18': None,
          'stringPower18Unit': 'kW',
          'stringPower19': None,
          'stringPower19Unit': 'kW',
          'stringPower1Unit': 'kW',
          'stringPower2': None,
          'stringPower20': None,
          'stringPower20Unit': 'kW',
          'stringPower21': None,
          'stringPower21Unit': 'kW',
          'stringPower22': None,
          'stringPower22Unit': 'kW',
          'stringPower23': None,
          'stringPower23Unit': 'kW',
          'stringPower24': None,
          'stringPower24Unit': 'kW',
          'stringPower2Unit': 'kW',
          'stringPower3': None,
          'stringPower3Unit': 'kW',
          'stringPower4': None,
          'stringPower4Unit': 'kW',
          'stringPower5': None,
          'stringPower5Unit': 'kW',
          'stringPower6': None,
          'stringPower6Unit': 'kW',
          'stringPower7': None,
          'stringPower7Unit': 'kW',
          'stringPower8': None,
          'stringPower8Unit': 'kW',
          'stringPower9': None,
          'stringPower9Unit': 'kW',
          'stringVol1': None,
          'stringVol10': None,
          'stringVol10Unit': 'V',
          'stringVol11': None,
          'stringVol11Unit': 'V',
          'stringVol12': None,
          'stringVol12Unit': 'V',
          'stringVol13': None,
          'stringVol13Unit': 'V',
          'stringVol14': None,
          'stringVol14Unit': 'V',
          'stringVol15': None,
          'stringVol15Unit': 'V',
          'stringVol16': None,
          'stringVol16Unit': 'V',
          'stringVol17': None,
          'stringVol17Unit': 'V',
          'stringVol18': None,
          'stringVol18Unit': 'V',
          'stringVol19': None,
          'stringVol19Unit': 'V',
          'stringVol1Unit': 'V',
          'stringVol2': None,
          'stringVol20': None,
          'stringVol20Unit': 'V',
          'stringVol21': None,
          'stringVol21Unit': 'V',
          'stringVol22': None,
          'stringVol22Unit': 'V',
          'stringVol23': None,
          'stringVol23Unit': 'V',
          'stringVol24': None,
          'stringVol24Unit': 'V',
          'stringVol2Unit': 'V',
          'stringVol3': None,
          'stringVol3Unit': 'V',
          'stringVol4': None,
          'stringVol4Unit': 'V',
          'stringVol5': None,
          'stringVol5Unit': 'V',
          'stringVol6': None,
          'stringVol6Unit': 'V',
          'stringVol7': None,
          'stringVol7Unit': 'V',
          'stringVol8': None,
          'stringVol8Unit': 'V',
          'stringVol9': None,
          'stringVol9Unit': 'V',
          'tApparentPower': None,
          'tApparentPowerUnit': 'kVA',
          'tCurrent': '0',
          'tCurrentUnit': 'A',
          'tFrequency': '0',
          'tFrequencyUnit': 'Hz',
          'tPower': '0',
          'tPowerUnit': 'kW',
          'tSupport': None,
          'tVoltage': '0',
          'tVoltageUnit': 'V',
          'tbat': None,
          'tbatUnit': '℃',
          'tempCellMax': None,
          'tempCellMaxUnit': '℃',
          'tempCellMin': None,
          'tempCellMinUnit': '℃',
          'temperature': '44',
          'template': 44,
          'timezone': '**REDACTED**',
          'todayGridCapacity': '0',
          'todayGridCapacityUnit': 'kWh',
          'todayPurchase': '5.3',
          'todayPurchaseUnit': 'kWh',
          'todayTime': '23.833',
          'totalGridCapacity': '0',
          'totalGridCapacityUnit': 'kWh',
          'totalPurchase': '2.08',
          'totalPurchaseUnit': 'MWh',
          'totalTime': '6466.654',
          'totalTimeUnit': 'H',
          'totalTogridTime': None,
          'totalTogridTimeUnit': 'H',
          'ttransf': None,
          'ttransfUnit': '℃',
          'unitSupport': None,
          'updateTime': 1787863710470,
          'updateTimeZone': '**REDACTED**',
          'urLoadCurrent': None,
          'urLoadCurrentUnit': 'A',
          'urLoadVoltage': None,
          'urLoadVoltageUnit': 'V',
          'urnSmVoltage': None,
          'urnSmVoltageUnit': 'V',
          'usLoadCurrent': None,
          'usLoadCurrentUnit': 'A',
          'usLoadVoltage': None,
          'usLoadVoltageUnit': 'V',
          'usnSmVoltage': None,
          'usnSmVoltageUnit': 'V',
          'utLoadCurrent': None,
          'utLoadCurrentUnit': 'A',
          'utLoadVoltage': None,
          'utLoadVoltageUnit': 'V',
          'utnSmVoltage': None,
          'utnSmVoltageUnit': 'V',
          'vCellMax': '3.35',
          'vCellMaxLimit': None,
          'vCellMaxLimitUnit': 'mV',
          'vCellMaxUnit': 'V',
          'vCellMin': '3.34',
          'vCellMinLimit': None,
          'vCellMinLimitUnit': 'mV',
          'vCellMinUnit': 'V',
          'vbus': None,
          'vbusUnit': 'V',
          'vepsr': None,
          'vepsrUnit': 'V',
          'vepss': None,
          'vepssUnit': 'V',
          'vepst': None,
          'vepstUnit': 'V',
          'vgenr': None,
          'vgenrUnit': 'V',
          'vgens': None,
          'vgensUnit': 'V',
          'vgent': None,
          'vgentUnit': 'V',
          'vnbus': None,
          'vnbusUnit': 'V',
          'webDetailVersion': None,
          'webVersion': None,
          'wifiKernelVersion': None,
          'wifiMode': 'PSD200',
          'wifiProductType': None,
          'wifiSn': '**REDACTED**',
          'wifiVersion': 'V1.00.41',
          'workMode': None,
          'workStatus': 0,
          'workStatusList': None,
        }),
      }),
    ]),
    'entry': dict({
      'data': dict({
        'access_token': '**REDACTED**',
        'account_type': 'email',
        'login_account': '**REDACTED**',
        'owner_id': '**REDACTED**',
        'password_md5': '**REDACTED**',
        'region': 'emea',
        'token_expires_at': '2026-08-31T00:00:00+00:00',
      }),
      'options': dict({
        'device_count': 1,
        'scan_interval': 120,
      }),
      'token_expires_at': '2026-08-31T00:00:00+00:00',
    }),
  })
# ---
